// Jest Snapshot v1, https://goo.gl/fbAQLP

exports[`Pruebas sobre el componente GifGrid debe de mostrar items cuando se cargan im√°genes con useFetchGifs 1`] = `
<Fragment>
  <h3>
    Goku
  </h3>
  <p
    className="animate__animated animate__flash"
  />
  <div
    className="card-grid"
  >
    <GifGridItem
      id="ABC"
      key="ABC"
      title="Cualquier cosa"
      url="https://localhost/cualquier/cosa.jpg"
    />
  </div>
</Fragment>
`;

exports[`Pruebas sobre el componente GifGrid debe mostrar el componente correctamente 1`] = `
<Fragment>
  <h3>
    Goku
  </h3>
  <p
    className="animate__animated animate__flash"
  >
    Cargando ...
  </p>
  <div
    className="card-grid"
  />
</Fragment>
`;
